
Clover EFI installer log - Thu Nov  8 00:17:02 +04 2018
Installer version: v2.4k r4586 EFI bootloader
======================================================
/dev/disk0 (internal, physical):
   #:                       TYPE NAME                    SIZE       IDENTIFIER
   0:      GUID_partition_scheme                        *128.0 GB   disk0
   1:                        EFI EFI                     209.7 MB   disk0s1
   2:                 Apple_APFS Container disk2         127.8 GB   disk0s2

/dev/disk1 (internal, physical):
   #:                       TYPE NAME                    SIZE       IDENTIFIER
   0:      GUID_partition_scheme                        *512.1 GB   disk1
   1:           Windows Recovery                         523.2 MB   disk1s1
   2:                        EFI NO NAME                 104.9 MB   disk1s2
   3:         Microsoft Reserved                         16.8 MB    disk1s3
   4:       Microsoft Basic Data                         511.5 GB   disk1s4

/dev/disk2 (synthesized):
   #:                       TYPE NAME                    SIZE       IDENTIFIER
   0:      APFS Container Scheme -                      +127.8 GB   disk2
                                 Physical Store disk0s2
   1:                APFS Volume Mac                     50.8 GB    disk2s1
   2:                APFS Volume Preboot                 44.7 MB    disk2s2
   3:                APFS Volume Recovery                512.4 MB   disk2s3
   4:                APFS Volume VM                      20.5 KB    disk2s4

Target volume /Volumes/Mac on disk2 is APFS on physical store disk0s2
======================================================
Backing up EFI files

Backing up stage2 file /Volumes/Mac/EFIROOTDIR/boot  to /Volumes/Mac/EFI-Backups/r4674/2018-11-08-00h17/boot
Backing up /Volumes/Mac/EFIROOTDIR/EFI folder to /Volumes/Mac/EFI-Backups/r4674/2018-11-08-00h17/EFI
No Active Partition

Stage 0 - Writting boot0af to /dev/disk0
dd: //usr/standalone/i386/boot0af -> /dev/disk0

Stage 1 - Writting boot1f32 to /dev/rdisk0s1
dd if=/dev/rdisk0s1 count=1 bs=512 of=/tmp/origbs
boot volume format is FAT32
cp /tmp/boot1f32 /tmp/newbs
dd if=/tmp/origbs of=/tmp/newbs skip=3 seek=3 bs=1 count=87 conv=notrunc
dd if=/tmp/newbs of=/dev/rdisk0s1

Stage 2 - Written boot6 (x64) to /Volumes/ESP/boot

Removing drivers64UEFI/VBoxHfs-64.efi driver because HFSPlus driver present

======================================================
=========== Clover EFI Installation Finish ===========
======================================================
